{"data":{"components":{"edges":[{"node":{"id":"Q29tcG9uZW50CmcwNDEwZDE4ZDRmZGU0ZDM4OTAyYTdjMWIxOTg1OGE3Nw==","uuid":"0410d18d4fde4d38902a7c1b19858a77","name":"Component B","abbreviation":"C!B","description":"Another component!","availability":{"from":"2020-01-01T08:00:00.000Z","to":"2020-11-05T20:00:00.000Z"},"categories":["MATERIAL","UNIT"]}}]}}}
