{"data":{"createComponent":{"component":{"id":"Q29tcG9uZW50Cmc0OWVlMjQ1MGZmY2U0MzI4OWU4M2M5ZWQ2YTMzMTM5MQ==","uuid":"49ee2450ffce43289e83c9ed6a331391","name":"Component C","abbreviation":"C!C","description":"Yet another component!","availability":{"from":null,"to":"2021-11-05T20:00:00.000Z"},"categories":["UNIT"]},"errors":null}}}
