{"data":{"components":{"edges":[{"node":{"id":"Q29tcG9uZW50CmczMDAxN2E4Y2U1ODA0MDg5YjYyZjlkOGNmOTI3OGY2OQ==","uuid":"30017a8ce5804089b62f9d8cf9278f69","name":"Component A","abbreviation":"C!A","description":"Best component ever!","availability":null,"categories":[]}}]}}}
