{"data":{"components":{"edges":[{"node":{"id":"Q29tcG9uZW50Cmc4ZmVhNjMyYWIwMTM0MjM3OTQ5MzY1NzBhYzgzYzY4ZA==","uuid":"8fea632ab013423794936570ac83c68d","name":"Component A","abbreviation":"C!A","description":"Best component ever!","availability":null,"categories":[]}}]}}}
