{"data":{"changeUserPassword":{"user":{"id":"VXNlcgpnYThjZmY2NjE2ZmEzNDgwNjhlNjQ2Yjc2MTE1ZjUwM2Q=","email":"john.doe@ise.fraunhofer.de"},"errors":null}}}
