{"data":{"changeUserEmail":{"user":{"id":"VXNlcgpnM2IxMzkwZWY4NmM1NDJlNmFiNzM5NDc5MjYxMWUwOGQ=","email":"john.doe@ise.fraunhofer.de"},"errors":null}}}
