{"data":{"changeUserEmail":{"user":{"id":"VXNlcgpnMDFlMzZlMGFlOTAxNGEyMWJmMzhiODE1ZmE0NjcyMjg=","email":"john.doe@ise.fraunhofer.de"},"errors":null}}}
