{"data":{"confirmUserEmail":{"user":{"id":"VXNlcgpnMTMwZjMzMGQ2M2ExNDRlMGFlMDlmZGI4ZWE3NWQ2ZDE=","email":null},"errors":null}}}
