{"data":{"confirmUserEmail":{"user":{"id":"VXNlcgpnMzdhODcyNmZlYWE1NDc4OTg2MjdlNDgxNDkyZWI2YzE=","email":null},"errors":null}}}
