{"data":{"confirmUserEmailChange":{"user":{"id":"VXNlcgpnYjY2ZTlhMGU2ZDQ1NGE0OGFhYjIzZTBlNWE4OTExODA=","email":"new.john.doe@ise.fraunhofer.de"},"errors":null}}}
