{"data":{"confirmUserEmail":{"user":{"id":"VXNlcgpnZTg0ZWU1OTNjOTMwNGJkZTkyMjYyMjU4MjFmMzkwMDI=","email":"john.doe@ise.fraunhofer.de"},"errors":null}}}
