{"data":{"deletePersonalUserData":{"user":{"id":"VXNlcgpnYWU3ZTE2YTdiZDI5NDdiZWIwODNiYzdlZTk0MjMzNTA=","email":null},"errors":null}}}
