{"errors":[{"message":"The current user is not authorized to access this resource.","locations":[{"line":15,"column":3}],"path":["createComponent"],"extensions":{"code":"AUTH_NOT_AUTHENTICATED"}}]}
