{"data":{"components":{"edges":[{"node":{"id":"Q29tcG9uZW50CmcxOTRmNTE1N2JlOGM0Y2JkYmFkZTdkNTBiNTg1OTNmYQ==","uuid":"194f5157-be8c-4cbd-bade-7d50b58593fa","name":"Component B","abbreviation":"C!B","description":"Another component!","availability":{"from":"2020-01-01T08:00:00.000Z","to":"2020-11-05T20:00:00.000Z"},"categories":["MATERIAL","UNIT"]}}]}}}
