{"data":{"changeUserPassword":{"user":{"id":"VXNlcgpnOGUxM2VhZjZiYTg3NDVjN2IzZmIyYTg4MDQxZTE3ZWE=","email":"john.doe@ise.fraunhofer.de"},"errors":[{"code":"PASSWORD_CONFIRMATION_MISMATCH","message":"Password and confirmation password do not match.","path":["input","newPasswordConfirmation"]}]}}}
