{"errors":[{"message":"The current user is not authorized to access this resource.","locations":[{"line":4,"column":3}],"path":["changeUserEmail"],"extensions":{"code":"AUTH_NOT_AUTHENTICATED"}}]}
