{"data":{"changeUserPassword":{"user":{"id":"VXNlcgpnZDRhZjJmNjdlNTdjNDc2YzhmYTRlODJkNjI2NGM3NmY=","email":"john.doe@ise.fraunhofer.de"},"errors":[{"code":"PASSWORD_TOO_SHORT","message":"Passwords must be at least 8 characters.","path":["input","newPassword"]}]}}}
