{"data":{"confirmUserEmailChange":{"user":{"id":"VXNlcgpnNGUzZjdmYmFlYzIzNGM1MWFlZGI4MWQ3MTIxMGQ2MTY=","email":"new.john.doe@ise.fraunhofer.de"},"errors":null}}}
