{"data":{"confirmUserEmail":{"user":{"id":"VXNlcgpnMjkyM2UyY2M3MzE2NDFiNWI1NTkxYzQ3NDcwYzA1MWM=","email":"john.doe@ise.fraunhofer.de"},"errors":null}}}
