{"data":{"confirmUserEmailChange":{"user":null,"errors":[{"code":"UNKNOWN_USER","message":"Unable to load user with email address unknown.john.doe@ise.fraunhofer.de.","path":["input","currentEmail"]}]}}}
