{"data":{"confirmUserEmail":{"user":{"id":"VXNlcgpnNDYyMDU5ZmEwMzEyNDQyMmExOTdhYTc3YTM1ZDJmNTI=","email":null},"errors":null}}}
