{"data":{"confirmUserEmail":{"user":{"id":"VXNlcgpnMDU4ZGNjZjgwNzdiNDZhYWI5YmNlODc1YjdkYzMyNjQ=","email":null},"errors":null}}}
