{"data":{"confirmUserEmailChange":{"user":{"id":"VXNlcgpnMWVlMDEzODI4ZjIzNGM4ODgxNWU2ZTdhYWEwM2EwNDg=","email":"new.john.doe@ise.fraunhofer.de"},"errors":null}}}
