{"data":{"confirmUserEmail":{"user":{"id":"VXNlcgpnZDhlZWY0MGEyNGFjNDdhYzhhZGFjODFhMDkzM2IxZTY=","email":"john.doe@ise.fraunhofer.de"},"errors":null}}}
