{"data":{"deletePersonalUserData":{"user":{"id":"VXNlcgpnNGFkZWFlOTQ4NzI1NDkzNGJlODI2NzNjY2UyMjg1YTg=","email":"john.doe@ise.fraunhofer.de"},"errors":[{"code":"MISSING_PASSWORD","message":"Missing password.","path":["input","password"]}]}}}
