{"data":{"deletePersonalUserData":{"user":{"id":"VXNlcgpnNWE3NTc5YzUwY2YwNDUxNTllNzAwYjQ1MzU2YjJkYzc=","email":null},"errors":null}}}
