{"data":{"user":{"id":"VXNlcgpnOTVjNWJkZjk5NDRkNDJmNGJhMzMzYjlmOTBkNTNkNWI=","email":"john.doe@ise.fraunhofer.de"}}}
