{"data":{"user":{"id":"VXNlcgpnZmY4Nzc3OGY4MTlkNGQxMmE3N2I3MGI4NTljYzM0MzE=","email":"john.doe@ise.fraunhofer.de"}}}
