{"data":{"user":{"id":"VXNlcgpnMjNlYTI0YmUwMGRlNGIxNDhkZGFkNzMxNWUwMzJmZDE=","email":"john.doe@ise.fraunhofer.de"}}}
