{"data":{"loginUser":{"requiresTwoFactor":false,"user":{"id":"VXNlcgpnYmE5Y2ZhOGVhNzIzNDEwODk4MDQzNjE4NzlmZjAxNTY=","email":null},"errors":null}}}
