{"data":{"loginUser":{"requiresTwoFactor":false,"user":{"id":"VXNlcgpnYmE4NTE0ZGVlZGExNDU1Njk4ZjNmMGNkMTBmNjIwNmQ=","email":null},"errors":null}}}
