{"data":{"registerUser":{"user":null,"errors":[{"code":"PASSWORD_REQUIRES_NON_ALPHANUMERIC","message":"Passwords must have at least one non alphanumeric character.","path":["input","password"]}]}}}
