{"data":{"registerUser":{"user":null,"errors":[{"code":"PASSWORD_CONFIRMATION_MISMATCH","message":"Password and confirmation password do not match.","path":["input","passwordConfirmation"]}]}}}
