{"data":{"resetUserPassword":{"errors":[{"code":"PASSWORD_REQUIRES_LOWER","message":"Passwords must have at least one lowercase (\u0027a\u0027-\u0027z\u0027).","path":["input","password"]}]}}}
