{"data":{"resetUserPassword":{"errors":[{"code":"INVALID_RESET_CODE","message":"Invalid token.","path":["input","resetCode"]}]}}}
